warning: field `bucket` is never read
  --> src/cos.rs:47:5
   |
41 | pub struct CosClient {
   |            --------- field in this struct
...
47 |     bucket: String,
   |     ^^^^^^
   |
   = note: `CosClient` has a derived impl for the trait `Clone`, but this is intentionally ignored during dead code analysis
   = note: `#[warn(dead_code)]` (part of `#[warn(unused)]`) on by default

warning: `epub-backend-rs` (bin "epub-backend-rs") generated 1 warning
    Finished `dev` profile [unoptimized + debuginfo] target(s) in 0.34s
     Running `target/debug/epub-backend-rs`
[2m2026-08-27T06:04:55.239329Z[0m [32m INFO[0m [2mepub_backend_rs[0m[2m:[0m connecting to sqlite:../data/library.db
[2m2026-08-27T06:04:55.243203Z[0m [32m INFO[0m [2mepub_backend_rs[0m[2m:[0m COS enabled: bucket=ryu2u-1305537946 region=ap-nanjing prefix=books/{book_id}/assets/{asset_id}
[2m2026-08-27T06:04:55.300243Z[0m [33m WARN[0m [2mepub_backend_rs[0m[2m:[0m EPUB_CORS_ORIGINS 未配置：API 允许所有来源（个人使用场景默认值）
[2m2026-08-27T06:04:55.300957Z[0m [32m INFO[0m [2mepub_backend_rs[0m[2m:[0m EPUB backend (Rust) listening on http://0.0.0.0:8002
warning: field `bucket` is never read
  --> src/cos.rs:47:5
   |
41 | pub struct CosClient {
   |            --------- field in this struct
...
47 |     bucket: String,
   |     ^^^^^^
   |
   = note: `CosClient` has a derived impl for the trait `Clone`, but this is intentionally ignored during dead code analysis
   = note: `#[warn(dead_code)]` (part of `#[warn(unused)]`) on by default

warning: `epub-backend-rs` (bin "epub-backend-rs") generated 1 warning
    Finished `dev` profile [unoptimized + debuginfo] target(s) in 0.21s
     Running `target/debug/epub-backend-rs`
[2m2026-08-27T06:05:30.225769Z[0m [32m INFO[0m [2mepub_backend_rs[0m[2m:[0m connecting to sqlite:../data/library.db
[2m2026-08-27T06:05:30.229724Z[0m [32m INFO[0m [2mepub_backend_rs[0m[2m:[0m COS enabled: bucket=ryu2u-1305537946 region=ap-nanjing prefix=books/{book_id}/assets/{asset_id}
[2m2026-08-27T06:05:30.281225Z[0m [33m WARN[0m [2mepub_backend_rs[0m[2m:[0m EPUB_CORS_ORIGINS 未配置：API 允许所有来源（个人使用场景默认值）
[2m2026-08-27T06:05:30.281812Z[0m [32m INFO[0m [2mepub_backend_rs[0m[2m:[0m EPUB backend (Rust) listening on http://0.0.0.0:8002
